Case: CASE-DB7DA0A3
Evidence Table: 20 events
Correlated IPs: ['203.0.113.45', '192.168.1.100', '10.0.0.50']

--- IP: 203.0.113.45 ---
  Score: 8.3/10 (Critical)
  Formula: (7 Î 1.0) + 3 = 10.0
  MITRE: ['T1041', 'T1078', 'T1046', 'T1190', 'T1110']
  Kill Chain: ['Reconnaissance', 'Delivery', 'Exploitation', 'Actions on Objectives']
  False Positive: False
  Reason: No baseline match ù activity is suspicious

--- IP: 192.168.1.100 ---
  Score: 2.5/10 (Low)
  Formula: (0 Î 0.0) + 3 = 3.0
  MITRE: []
  Kill Chain: []
  False Positive: True
  Reason: IP 192.168.1.100 is in Known Good list; Activity occurred during standard business hours (09:00û18:00)

--- IP: 10.0.0.50 ---
  Score: 2.5/10 (Low)
  Formula: (0 Î 0.0) + 3 = 3.0
  MITRE: []
  Kill Chain: []
  False Positive: True
  Reason: IP 10.0.0.50 is in Known Good list; Activity occurred during standard business hours (09:00û18:00)

AI Summary:
An investigation has been triggered for IP address 203.0.113.45, which has been detected exhibiting suspicious activity, including 5 firewall deny events, 5 authentication failures, and 2 successful authentications. The risk score for this activity is 8.3, calculated using the formula (7 x 1.0) + 3 = 10.0, normalized to 8.3/10, and maps to MITRE techniques T1041 (Exfiltration Over C2 Channel), T10
